// Jest Snapshot v1, https://goo.gl/fbAQLP

exports[`when rendering should render a component matching the snapshot 1`] = `
<ReactNativeModal
  animationIn="slideInUp"
  animationInTiming={300}
  animationOut="slideOutDown"
  animationOutTiming={300}
  avoidKeyboard={false}
  backdropColor="black"
  backdropOpacity={0.7}
  backdropTransitionInTiming={300}
  backdropTransitionOutTiming={300}
  coverScreen={true}
  customBackdrop={null}
  deviceHeight={null}
  deviceWidth={null}
  hasBackdrop={true}
  hideModalContentWhileAnimating={false}
  isVisible={true}
  onBackButtonPress={[Function]}
  onBackdropPress={[MockFunction]}
  onModalHide={[Function]}
  onModalShow={[Function]}
  onModalWillHide={[Function]}
  onModalWillShow={[Function]}
  onSwipeComplete={[MockFunction]}
  panResponderThreshold={4}
  propagateSwipe={true}
  scrollHorizontal={false}
  scrollOffset={0}
  scrollOffsetMax={0}
  scrollTo={null}
  statusBarTranslucent={false}
  style={
    {
      "justifyContent": "center",
      "margin": 10,
    }
  }
  supportedOrientations={
    [
      "portrait",
      "landscape",
    ]
  }
  swipeDirection={
    [
      "down",
    ]
  }
  swipeThreshold={50}
  useNativeDriver={false}
>
  <withTheme(Surface)
    style={
      [
        {
          "borderRadius": 10,
          "elevation": 8,
        },
        {
          "backgroundColor": "#243B55",
          "flex": null,
        },
      ]
    }
  >
    <withTheme(IconButton)
      color="#BBC8D6"
      icon="close"
      onPress={[MockFunction]}
      size={25}
      style={
        {
          "position": "absolute",
          "right": 0,
          "top": 0,
          "zIndex": 1,
        }
      }
    />
    <View>
      <Text>
        Test Text
      </Text>
    </View>
  </withTheme(Surface)>
</ReactNativeModal>
`;
