// Jest Snapshot v1, https://goo.gl/fbAQLP

exports[`when rendering should render a component matching the snapshot 1`] = `
<View
  style={
    {
      "marginVertical": 12,
      "width": "100%",
    }
  }
>
  <withTheme(undefined)
    error={true}
    label="TEST TEXT INPUT"
    onChangeText={[MockFunction]}
    secureTextEntry={true}
    style={
      {
        "backgroundColor": "#191c1f",
      }
    }
    theme={
      {
        "colors": {
          "placeholder": "#007d7d",
          "primary": "#0F4C81",
          "text": "#ffffff",
        },
      }
    }
    value="test@gmail.com"
  />
  <Text
    style={
      [
        {
          "fontSize": 14,
          "paddingHorizontal": 4,
          "paddingTop": 4,
        },
        {
          "color": "#e76372",
        },
      ]
    }
  >
    THIS IS ERROR TEXT
  </Text>
</View>
`;
