// Jest Snapshot v1, https://goo.gl/fbAQLP

exports[`when rendering should render a component matching the snapshot 1`] = `
<ModalWrapper
  closeModal={[MockFunction]}
  modalVisible={true}
>
  <View
    style={
      {
        "alignItems": "center",
        "padding": 16,
      }
    }
  >
    <View
      style={
        {
          "alignItems": "center",
          "justifyContent": "center",
          "padding": 30,
        }
      }
    >
      <Title
        style={
          {
            "color": "#BBC8D6",
          }
        }
      >
        X CORDINATE:   120
      </Title>
      <Title
        style={
          {
            "color": "#BBC8D6",
          }
        }
      >
        Y CORDINATE:   30
      </Title>
    </View>
    <Button
      label="OK"
      mode="contained"
      onPress={[MockFunction]}
      style={
        {
          "width": 200,
        }
      }
    />
  </View>
</ModalWrapper>
`;
