// Jest Snapshot v1, https://goo.gl/fbAQLP

exports[`when rendering should render a component matching the snapshot 1`] = `
<withTheme(Button)
  contentStyle={
    [
      {
        "height": 48,
      },
      {
        "backgroundColor": "red",
      },
    ]
  }
  labelStyle={
    [
      {
        "fontSize": 20,
        "lineHeight": 22,
      },
      {
        "color": "white",
      },
      {
        "backgroundColor": "red",
      },
    ]
  }
  mode="contained"
  onPress={[MockFunction]}
  style={
    [
      {
        "backgroundColor": "#007d7d",
        "borderColor": "#BBC8D6",
        "elevation": 0,
      },
      {
        "borderWidth": 0,
      },
      {
        "width": 200,
      },
    ]
  }
  uppercase={false}
>
  TEST BUTTON
</withTheme(Button)>
`;
