// Jest Snapshot v1, https://goo.gl/fbAQLP

exports[`when rendering should render a component matching the snapshot 1`] = `
<Image
  source={
    {
      "testUri": "../../../src/assets/logo/swivel_tech.png",
    }
  }
  style={
    {
      "height": 128,
      "marginBottom": 12,
      "width": 128,
    }
  }
/>
`;
