// Jest Snapshot v1, https://goo.gl/fbAQLP

exports[`when rendering should render a component matching the snapshot 1`] = `
<Memo(ForwardRef(Center))
  style={
    {
      "marginVertical": 100,
    }
  }
>
  <Image
    source={
      {
        "testUri": "../../../src/assets/logo/logo.png",
      }
    }
    style={
      {
        "height": 128,
        "marginBottom": 12,
        "width": 128,
      }
    }
  />
</Memo(ForwardRef(Center))>
`;
