// Jest Snapshot v1, https://goo.gl/fbAQLP

exports[`when rendering should render a component matching the snapshot 1`] = `
<View
  style={
    {
      "margin": 16,
    }
  }
>
  <Text
    style={
      {
        "color": "#ffffff",
        "fontSize": 24,
      }
    }
  >
    Loading
  </Text>
</View>
`;
